Addition Result = 2.200000
Subtraction Result = 22.799999
Multiplication Result = -128.750000
Division Result = -1.213592
Successful execution. Exiting program...
