Addition Result = 22.799999
Subtraction Result = 2.200000
Multiplication Result = 128.750000
Division Result = 1.213592
Successful execution. Exiting program...
